src/screens/Inventory/BarcodeGeneratorScreen.tsx(117,49): error TS2349: This expression is not callable.
  Type 'SelectedProduct' has no call signatures.
src/screens/Inventory/BarcodeGeneratorScreen.tsx(120,29): error TS18046: 'item' is of type 'unknown'.
src/screens/Inventory/BarcodeGeneratorScreen.tsx(124,43): error TS18046: 'item' is of type 'unknown'.
src/screens/Inventory/BarcodeGeneratorScreen.tsx(126,36): error TS18046: 'item' is of type 'unknown'.
src/screens/Inventory/BarcodeGeneratorScreen.tsx(132,55): error TS18046: 'item' is of type 'unknown'.
src/screens/Invoices/AddSaleScreen.tsx(523,37): error TS2769: No overload matches this call.
  Overload 1 of 2, '(props: ViewProps): View', gave the following error.
    Type '{ flexDirection: string; flex: number; } | { flex: number; flexDirection?: undefined; }' is not assignable to type 'ViewStyle | Falsy | RegisteredStyle<ViewStyle> | RecursiveArray<ViewStyle | Falsy | RegisteredStyle<ViewStyle>> | readonly (ViewStyle | ... 1 more ... | RegisteredStyle<...>)[]'.
      Type '{ flexDirection: string; flex: number; }' is not assignable to type 'ViewStyle | Falsy | RegisteredStyle<ViewStyle> | RecursiveArray<ViewStyle | Falsy | RegisteredStyle<ViewStyle>> | readonly (ViewStyle | ... 1 more ... | RegisteredStyle<...>)[]'.
        Type '{ flexDirection: string; flex: number; }' is not assignable to type 'ViewStyle'.
          Types of property 'flexDirection' are incompatible.
            Type 'string' is not assignable to type '"row" | "column" | "row-reverse" | "column-reverse" | undefined'.
  Overload 2 of 2, '(props: ViewProps, context: any): View', gave the following error.
    Type '{ flexDirection: string; flex: number; } | { flex: number; flexDirection?: undefined; }' is not assignable to type 'ViewStyle | Falsy | RegisteredStyle<ViewStyle> | RecursiveArray<ViewStyle | Falsy | RegisteredStyle<ViewStyle>> | readonly (ViewStyle | ... 1 more ... | RegisteredStyle<...>)[]'.
      Type '{ flexDirection: string; flex: number; }' is not assignable to type 'ViewStyle | Falsy | RegisteredStyle<ViewStyle> | RecursiveArray<ViewStyle | Falsy | RegisteredStyle<ViewStyle>> | readonly (ViewStyle | ... 1 more ... | RegisteredStyle<...>)[]'.
        Type '{ flexDirection: string; flex: number; }' is not assignable to type 'ViewStyle'.
          Types of property 'flexDirection' are incompatible.
            Type 'string' is not assignable to type '"row" | "column" | "row-reverse" | "column-reverse" | undefined'.
src/screens/Settings/BillingTemplatesScreen.tsx(134,19): error TS2769: No overload matches this call.
  Overload 1 of 2, '(props: ViewProps): View', gave the following error.
    Type '{ children: Element[]; flex: number; }' is not assignable to type 'IntrinsicAttributes & IntrinsicClassAttributes<View> & Readonly<ViewProps>'.
      Property 'flex' does not exist on type 'IntrinsicAttributes & IntrinsicClassAttributes<View> & Readonly<ViewProps>'.
  Overload 2 of 2, '(props: ViewProps, context: any): View', gave the following error.
    Type '{ children: Element[]; flex: number; }' is not assignable to type 'IntrinsicAttributes & IntrinsicClassAttributes<View> & Readonly<ViewProps>'.
      Property 'flex' does not exist on type 'IntrinsicAttributes & IntrinsicClassAttributes<View> & Readonly<ViewProps>'.
src/screens/Settings/BillingTemplatesScreen.tsx(146,19): error TS2769: No overload matches this call.
  Overload 1 of 2, '(props: ViewProps): View', gave the following error.
    Type '{ children: Element[]; flex: number; }' is not assignable to type 'IntrinsicAttributes & IntrinsicClassAttributes<View> & Readonly<ViewProps>'.
      Property 'flex' does not exist on type 'IntrinsicAttributes & IntrinsicClassAttributes<View> & Readonly<ViewProps>'.
  Overload 2 of 2, '(props: ViewProps, context: any): View', gave the following error.
    Type '{ children: Element[]; flex: number; }' is not assignable to type 'IntrinsicAttributes & IntrinsicClassAttributes<View> & Readonly<ViewProps>'.
      Property 'flex' does not exist on type 'IntrinsicAttributes & IntrinsicClassAttributes<View> & Readonly<ViewProps>'.
src/screens/Settings/BillingTemplatesScreen.tsx(158,19): error TS2769: No overload matches this call.
  Overload 1 of 2, '(props: ViewProps): View', gave the following error.
    Type '{ children: Element[]; flex: number; }' is not assignable to type 'IntrinsicAttributes & IntrinsicClassAttributes<View> & Readonly<ViewProps>'.
      Property 'flex' does not exist on type 'IntrinsicAttributes & IntrinsicClassAttributes<View> & Readonly<ViewProps>'.
  Overload 2 of 2, '(props: ViewProps, context: any): View', gave the following error.
    Type '{ children: Element[]; flex: number; }' is not assignable to type 'IntrinsicAttributes & IntrinsicClassAttributes<View> & Readonly<ViewProps>'.
      Property 'flex' does not exist on type 'IntrinsicAttributes & IntrinsicClassAttributes<View> & Readonly<ViewProps>'.
src/screens/Settings/BillingTemplatesScreen.tsx(189,16): error TS2304: Cannot find name 'Pressable'.
src/screens/Settings/BillingTemplatesScreen.tsx(195,17): error TS2304: Cannot find name 'Pressable'.
src/screens/Settings/BillingTemplatesScreen.tsx(202,16): error TS2304: Cannot find name 'Pressable'.
src/screens/Settings/BillingTemplatesScreen.tsx(208,17): error TS2304: Cannot find name 'Pressable'.
src/services/reportsExportService.ts(338,39): error TS2339: Property 'documentDirectory' does not exist on type 'typeof import("D:/Applications/BillZest_Parent/BillZest_Mobile/node_modules/expo-file-system/build/index")'.
src/services/reportsExportService.ts(342,32): error TS2339: Property 'EncodingType' does not exist on type 'typeof import("D:/Applications/BillZest_Parent/BillZest_Mobile/node_modules/expo-file-system/build/index")'.
